[2026-06-04 20:29:02,814] numexpr.utils - INFO - NumExpr defaulting to 12 threads.
[2026-06-04 20:29:09,957] root - INFO - Model Recommendation Config: ModelRecommendationConfig(book_name_serialized_objects='artifacts\\serialized_objects\\book_names.pkl', book_pivot_serialized_objects='artifacts\\serialized_objects\\book_pivot.pkl', final_rating_serialized_objects='artifacts\\serialized_objects\\final_rating.pkl', trained_model_path='artifacts\\trained_model\\model.pkl')
[2026-06-04 20:29:26,529] root - INFO - Model Recommendation Config: ModelRecommendationConfig(book_name_serialized_objects='artifacts\\serialized_objects\\book_names.pkl', book_pivot_serialized_objects='artifacts\\serialized_objects\\book_pivot.pkl', final_rating_serialized_objects='artifacts\\serialized_objects\\final_rating.pkl', trained_model_path='artifacts\\trained_model\\model.pkl')
[2026-06-04 20:29:26,533] root - INFO - ====================Data Ingestion log started.==================== 
[2026-06-04 20:29:26,533] root - INFO - Data Ingestion Config: DatasetConfig(dataset_download_url='https://github.com/Anumishra02/Book-recommender/raw/refs/heads/main/ecommerce-books_data.zip', raw_data_dir='artifacts\\dataset\\raw_data', ingested_dir='artifacts\\dataset\\ingested_data')
[2026-06-04 20:29:26,534] root - INFO - Data Validation Config: DataValidationConfig(clean_data_dir='artifacts\\dataset\\clean_data', books_csv_file='artifacts\\dataset\\ingested_data\\BX-Books.csv', ratings_csv_file='artifacts\\dataset\\ingested_data\\BX-Book-Ratings.csv', serialized_objects_dir='artifacts\\serialized_objects')
[2026-06-04 20:29:26,534] root - INFO - Data Transformation Config: DataTransformationConfig(clean_data_file_path='artifacts\\dataset\\clean_data\\clean_data.csv', transformed_data_dir='artifacts\\dataset\\transformed_data')
[2026-06-04 20:29:26,534] root - INFO - Data Validation Config: DataValidationConfig(clean_data_dir='artifacts\\dataset\\clean_data', books_csv_file='artifacts\\dataset\\ingested_data\\BX-Books.csv', ratings_csv_file='artifacts\\dataset\\ingested_data\\BX-Book-Ratings.csv', serialized_objects_dir='artifacts\\serialized_objects')
[2026-06-04 20:29:26,534] root - INFO - Model Trainer Config: ModelTrainerConfig(transformed_data_file_dir='artifacts\\dataset\\transformed_data\\transformed_data.pkl', trained_model_dir='artifacts\\trained_model', trained_model_name='model.pkl')
[2026-06-04 20:29:26,535] root - INFO - Downloading data from https://github.com/Anumishra02/Book-recommender/raw/refs/heads/main/ecommerce-books_data.zip into file artifacts\dataset\raw_data\ecommerce-books_data.zip
[2026-06-04 20:29:38,388] root - INFO - Downloaded data from https://github.com/Anumishra02/Book-recommender/raw/refs/heads/main/ecommerce-books_data.zip into file artifacts\dataset\raw_data\ecommerce-books_data.zip
[2026-06-04 20:29:39,293] root - INFO - Extracting zip file: artifacts\dataset\raw_data\ecommerce-books_data.zip into dir: artifacts\dataset\ingested_data
[2026-06-04 20:29:39,294] root - INFO - ====================Data Ingestion log completed.==================== 


[2026-06-04 20:29:39,294] root - INFO - ====================Data Validation log started.==================== 
[2026-06-04 20:29:41,258] root - INFO - Model Recommendation Config: ModelRecommendationConfig(book_name_serialized_objects='artifacts\\serialized_objects\\book_names.pkl', book_pivot_serialized_objects='artifacts\\serialized_objects\\book_pivot.pkl', final_rating_serialized_objects='artifacts\\serialized_objects\\final_rating.pkl', trained_model_path='artifacts\\trained_model\\model.pkl')
[2026-06-04 20:29:41,259] root - INFO - ====================Data Ingestion log started.==================== 
[2026-06-04 20:29:41,259] root - INFO - Data Ingestion Config: DatasetConfig(dataset_download_url='https://github.com/Anumishra02/Book-recommender/raw/refs/heads/main/ecommerce-books_data.zip', raw_data_dir='artifacts\\dataset\\raw_data', ingested_dir='artifacts\\dataset\\ingested_data')
[2026-06-04 20:29:41,260] root - INFO - Data Validation Config: DataValidationConfig(clean_data_dir='artifacts\\dataset\\clean_data', books_csv_file='artifacts\\dataset\\ingested_data\\BX-Books.csv', ratings_csv_file='artifacts\\dataset\\ingested_data\\BX-Book-Ratings.csv', serialized_objects_dir='artifacts\\serialized_objects')
[2026-06-04 20:29:41,260] root - INFO - Data Transformation Config: DataTransformationConfig(clean_data_file_path='artifacts\\dataset\\clean_data\\clean_data.csv', transformed_data_dir='artifacts\\dataset\\transformed_data')
[2026-06-04 20:29:41,260] root - INFO - Data Validation Config: DataValidationConfig(clean_data_dir='artifacts\\dataset\\clean_data', books_csv_file='artifacts\\dataset\\ingested_data\\BX-Books.csv', ratings_csv_file='artifacts\\dataset\\ingested_data\\BX-Book-Ratings.csv', serialized_objects_dir='artifacts\\serialized_objects')
[2026-06-04 20:29:41,260] root - INFO - Model Trainer Config: ModelTrainerConfig(transformed_data_file_dir='artifacts\\dataset\\transformed_data\\transformed_data.pkl', trained_model_dir='artifacts\\trained_model', trained_model_name='model.pkl')
[2026-06-04 20:29:41,261] root - INFO - Downloading data from https://github.com/Anumishra02/Book-recommender/raw/refs/heads/main/ecommerce-books_data.zip into file artifacts\dataset\raw_data\ecommerce-books_data.zip
[2026-06-04 20:29:41,796] root - INFO - Model Recommendation Config: ModelRecommendationConfig(book_name_serialized_objects='artifacts\\serialized_objects\\book_names.pkl', book_pivot_serialized_objects='artifacts\\serialized_objects\\book_pivot.pkl', final_rating_serialized_objects='artifacts\\serialized_objects\\final_rating.pkl', trained_model_path='artifacts\\trained_model\\model.pkl')
[2026-06-04 20:29:41,797] root - INFO - ====================Data Ingestion log started.==================== 
[2026-06-04 20:29:41,798] root - INFO - Data Ingestion Config: DatasetConfig(dataset_download_url='https://github.com/Anumishra02/Book-recommender/raw/refs/heads/main/ecommerce-books_data.zip', raw_data_dir='artifacts\\dataset\\raw_data', ingested_dir='artifacts\\dataset\\ingested_data')
[2026-06-04 20:29:41,798] root - INFO - Data Validation Config: DataValidationConfig(clean_data_dir='artifacts\\dataset\\clean_data', books_csv_file='artifacts\\dataset\\ingested_data\\BX-Books.csv', ratings_csv_file='artifacts\\dataset\\ingested_data\\BX-Book-Ratings.csv', serialized_objects_dir='artifacts\\serialized_objects')
[2026-06-04 20:29:41,799] root - INFO - Data Transformation Config: DataTransformationConfig(clean_data_file_path='artifacts\\dataset\\clean_data\\clean_data.csv', transformed_data_dir='artifacts\\dataset\\transformed_data')
[2026-06-04 20:29:41,799] root - INFO - Data Validation Config: DataValidationConfig(clean_data_dir='artifacts\\dataset\\clean_data', books_csv_file='artifacts\\dataset\\ingested_data\\BX-Books.csv', ratings_csv_file='artifacts\\dataset\\ingested_data\\BX-Book-Ratings.csv', serialized_objects_dir='artifacts\\serialized_objects')
[2026-06-04 20:29:41,800] root - INFO - Model Trainer Config: ModelTrainerConfig(transformed_data_file_dir='artifacts\\dataset\\transformed_data\\transformed_data.pkl', trained_model_dir='artifacts\\trained_model', trained_model_name='model.pkl')
[2026-06-04 20:29:41,801] root - INFO - Downloading data from https://github.com/Anumishra02/Book-recommender/raw/refs/heads/main/ecommerce-books_data.zip into file artifacts\dataset\raw_data\ecommerce-books_data.zip
[2026-06-04 20:29:47,278] root - INFO - Model Recommendation Config: ModelRecommendationConfig(book_name_serialized_objects='artifacts\\serialized_objects\\book_names.pkl', book_pivot_serialized_objects='artifacts\\serialized_objects\\book_pivot.pkl', final_rating_serialized_objects='artifacts\\serialized_objects\\final_rating.pkl', trained_model_path='artifacts\\trained_model\\model.pkl')
[2026-06-04 20:29:47,279] root - INFO - ====================Data Ingestion log started.==================== 
[2026-06-04 20:29:47,280] root - INFO - Data Ingestion Config: DatasetConfig(dataset_download_url='https://github.com/Anumishra02/Book-recommender/raw/refs/heads/main/ecommerce-books_data.zip', raw_data_dir='artifacts\\dataset\\raw_data', ingested_dir='artifacts\\dataset\\ingested_data')
[2026-06-04 20:29:47,280] root - INFO - Data Validation Config: DataValidationConfig(clean_data_dir='artifacts\\dataset\\clean_data', books_csv_file='artifacts\\dataset\\ingested_data\\BX-Books.csv', ratings_csv_file='artifacts\\dataset\\ingested_data\\BX-Book-Ratings.csv', serialized_objects_dir='artifacts\\serialized_objects')
[2026-06-04 20:29:47,280] root - INFO - Data Transformation Config: DataTransformationConfig(clean_data_file_path='artifacts\\dataset\\clean_data\\clean_data.csv', transformed_data_dir='artifacts\\dataset\\transformed_data')
[2026-06-04 20:29:47,280] root - INFO - Data Validation Config: DataValidationConfig(clean_data_dir='artifacts\\dataset\\clean_data', books_csv_file='artifacts\\dataset\\ingested_data\\BX-Books.csv', ratings_csv_file='artifacts\\dataset\\ingested_data\\BX-Book-Ratings.csv', serialized_objects_dir='artifacts\\serialized_objects')
[2026-06-04 20:29:47,281] root - INFO - Model Trainer Config: ModelTrainerConfig(transformed_data_file_dir='artifacts\\dataset\\transformed_data\\transformed_data.pkl', trained_model_dir='artifacts\\trained_model', trained_model_name='model.pkl')
[2026-06-04 20:29:47,281] root - INFO - Downloading data from https://github.com/Anumishra02/Book-recommender/raw/refs/heads/main/ecommerce-books_data.zip into file artifacts\dataset\raw_data\ecommerce-books_data.zip
[2026-06-04 20:29:58,579] root - INFO - Downloaded data from https://github.com/Anumishra02/Book-recommender/raw/refs/heads/main/ecommerce-books_data.zip into file artifacts\dataset\raw_data\ecommerce-books_data.zip
[2026-06-04 20:29:59,522] root - INFO - Extracting zip file: artifacts\dataset\raw_data\ecommerce-books_data.zip into dir: artifacts\dataset\ingested_data
[2026-06-04 20:29:59,522] root - INFO - ====================Data Ingestion log completed.==================== 


[2026-06-04 20:29:59,522] root - INFO - ====================Data Validation log started.==================== 
[2026-06-04 20:30:03,785] root - INFO - Downloaded data from https://github.com/Anumishra02/Book-recommender/raw/refs/heads/main/ecommerce-books_data.zip into file artifacts\dataset\raw_data\ecommerce-books_data.zip
[2026-06-04 20:30:04,296] root - INFO - Downloaded data from https://github.com/Anumishra02/Book-recommender/raw/refs/heads/main/ecommerce-books_data.zip into file artifacts\dataset\raw_data\ecommerce-books_data.zip
[2026-06-04 20:30:04,967] root - INFO - Extracting zip file: artifacts\dataset\raw_data\ecommerce-books_data.zip into dir: artifacts\dataset\ingested_data
[2026-06-04 20:30:04,968] root - INFO - ====================Data Ingestion log completed.==================== 


[2026-06-04 20:30:04,968] root - INFO - ====================Data Validation log started.==================== 
[2026-06-04 20:30:05,801] root - INFO - Extracting zip file: artifacts\dataset\raw_data\ecommerce-books_data.zip into dir: artifacts\dataset\ingested_data
[2026-06-04 20:30:05,802] root - INFO - ====================Data Ingestion log completed.==================== 


[2026-06-04 20:30:05,802] root - INFO - ====================Data Validation log started.==================== 
[2026-06-04 20:30:08,861] root - INFO - Model Recommendation Config: ModelRecommendationConfig(book_name_serialized_objects='artifacts\\serialized_objects\\book_names.pkl', book_pivot_serialized_objects='artifacts\\serialized_objects\\book_pivot.pkl', final_rating_serialized_objects='artifacts\\serialized_objects\\final_rating.pkl', trained_model_path='artifacts\\trained_model\\model.pkl')
[2026-06-04 20:30:08,864] root - INFO - ====================Data Ingestion log started.==================== 
[2026-06-04 20:30:08,864] root - INFO - Data Ingestion Config: DatasetConfig(dataset_download_url='https://github.com/Anumishra02/Book-recommender/raw/refs/heads/main/ecommerce-books_data.zip', raw_data_dir='artifacts\\dataset\\raw_data', ingested_dir='artifacts\\dataset\\ingested_data')
[2026-06-04 20:30:08,864] root - INFO - Data Validation Config: DataValidationConfig(clean_data_dir='artifacts\\dataset\\clean_data', books_csv_file='artifacts\\dataset\\ingested_data\\BX-Books.csv', ratings_csv_file='artifacts\\dataset\\ingested_data\\BX-Book-Ratings.csv', serialized_objects_dir='artifacts\\serialized_objects')
[2026-06-04 20:30:08,865] root - INFO - Data Transformation Config: DataTransformationConfig(clean_data_file_path='artifacts\\dataset\\clean_data\\clean_data.csv', transformed_data_dir='artifacts\\dataset\\transformed_data')
[2026-06-04 20:30:08,865] root - INFO - Data Validation Config: DataValidationConfig(clean_data_dir='artifacts\\dataset\\clean_data', books_csv_file='artifacts\\dataset\\ingested_data\\BX-Books.csv', ratings_csv_file='artifacts\\dataset\\ingested_data\\BX-Book-Ratings.csv', serialized_objects_dir='artifacts\\serialized_objects')
[2026-06-04 20:30:08,865] root - INFO - Model Trainer Config: ModelTrainerConfig(transformed_data_file_dir='artifacts\\dataset\\transformed_data\\transformed_data.pkl', trained_model_dir='artifacts\\trained_model', trained_model_name='model.pkl')
[2026-06-04 20:30:08,867] root - INFO - Downloading data from https://github.com/Anumishra02/Book-recommender/raw/refs/heads/main/ecommerce-books_data.zip into file artifacts\dataset\raw_data\ecommerce-books_data.zip
[2026-06-04 20:30:16,332] root - INFO - Downloaded data from https://github.com/Anumishra02/Book-recommender/raw/refs/heads/main/ecommerce-books_data.zip into file artifacts\dataset\raw_data\ecommerce-books_data.zip
[2026-06-04 20:30:17,296] root - INFO - Extracting zip file: artifacts\dataset\raw_data\ecommerce-books_data.zip into dir: artifacts\dataset\ingested_data
[2026-06-04 20:30:17,297] root - INFO - ====================Data Ingestion log completed.==================== 


[2026-06-04 20:30:17,297] root - INFO - ====================Data Validation log started.==================== 
[2026-06-04 20:38:32,309] root - INFO - Model Recommendation Config: ModelRecommendationConfig(book_name_serialized_objects='artifacts\\serialized_objects\\book_names.pkl', book_pivot_serialized_objects='artifacts\\serialized_objects\\book_pivot.pkl', final_rating_serialized_objects='artifacts\\serialized_objects\\final_rating.pkl', trained_model_path='artifacts\\trained_model\\model.pkl')
[2026-06-04 20:38:36,666] root - INFO - Model Recommendation Config: ModelRecommendationConfig(book_name_serialized_objects='artifacts\\serialized_objects\\book_names.pkl', book_pivot_serialized_objects='artifacts\\serialized_objects\\book_pivot.pkl', final_rating_serialized_objects='artifacts\\serialized_objects\\final_rating.pkl', trained_model_path='artifacts\\trained_model\\model.pkl')
[2026-06-04 20:38:53,719] root - INFO - Model Recommendation Config: ModelRecommendationConfig(book_name_serialized_objects='artifacts\\serialized_objects\\book_names.pkl', book_pivot_serialized_objects='artifacts\\serialized_objects\\book_pivot.pkl', final_rating_serialized_objects='artifacts\\serialized_objects\\final_rating.pkl', trained_model_path='artifacts\\trained_model\\model.pkl')
[2026-06-04 20:38:55,911] root - INFO - Model Recommendation Config: ModelRecommendationConfig(book_name_serialized_objects='artifacts\\serialized_objects\\book_names.pkl', book_pivot_serialized_objects='artifacts\\serialized_objects\\book_pivot.pkl', final_rating_serialized_objects='artifacts\\serialized_objects\\final_rating.pkl', trained_model_path='artifacts\\trained_model\\model.pkl')
[2026-06-04 20:39:01,273] root - INFO - Model Recommendation Config: ModelRecommendationConfig(book_name_serialized_objects='artifacts\\serialized_objects\\book_names.pkl', book_pivot_serialized_objects='artifacts\\serialized_objects\\book_pivot.pkl', final_rating_serialized_objects='artifacts\\serialized_objects\\final_rating.pkl', trained_model_path='artifacts\\trained_model\\model.pkl')
[2026-06-04 20:39:03,537] root - INFO - Model Recommendation Config: ModelRecommendationConfig(book_name_serialized_objects='artifacts\\serialized_objects\\book_names.pkl', book_pivot_serialized_objects='artifacts\\serialized_objects\\book_pivot.pkl', final_rating_serialized_objects='artifacts\\serialized_objects\\final_rating.pkl', trained_model_path='artifacts\\trained_model\\model.pkl')
