[2026-06-04 20:36:28,797] numexpr.utils - INFO - NumExpr defaulting to 12 threads.
[2026-06-04 20:36:32,165] root - INFO - ====================Data Ingestion log started.==================== 
[2026-06-04 20:36:32,166] root - INFO - Data Ingestion Config: DatasetConfig(dataset_download_url='https://github.com/Anumishra02/Book-recommender/raw/refs/heads/main/ecommerce-books_data.zip', raw_data_dir='artifacts\\dataset\\raw_data', ingested_dir='artifacts\\dataset\\ingested_data')
[2026-06-04 20:36:32,166] root - INFO - Data Validation Config: DataValidationConfig(clean_data_dir='artifacts\\dataset\\clean_data', books_csv_file='artifacts\\dataset\\ingested_data\\BX-Books.csv', ratings_csv_file='artifacts\\dataset\\ingested_data\\BX-Book-Ratings.csv', serialized_objects_dir='artifacts\\serialized_objects')
[2026-06-04 20:36:32,166] root - INFO - Data Transformation Config: DataTransformationConfig(clean_data_file_path='artifacts\\dataset\\clean_data\\clean_data.csv', transformed_data_dir='artifacts\\dataset\\transformed_data')
[2026-06-04 20:36:32,166] root - INFO - Data Validation Config: DataValidationConfig(clean_data_dir='artifacts\\dataset\\clean_data', books_csv_file='artifacts\\dataset\\ingested_data\\BX-Books.csv', ratings_csv_file='artifacts\\dataset\\ingested_data\\BX-Book-Ratings.csv', serialized_objects_dir='artifacts\\serialized_objects')
[2026-06-04 20:36:32,166] root - INFO - Model Trainer Config: ModelTrainerConfig(transformed_data_file_dir='artifacts\\dataset\\transformed_data\\transformed_data.pkl', trained_model_dir='artifacts\\trained_model', trained_model_name='model.pkl')
[2026-06-04 20:36:32,167] root - INFO - Downloading data from https://github.com/Anumishra02/Book-recommender/raw/refs/heads/main/ecommerce-books_data.zip into file artifacts\dataset\raw_data\ecommerce-books_data.zip
[2026-06-04 20:36:41,857] root - INFO - Downloaded data from https://github.com/Anumishra02/Book-recommender/raw/refs/heads/main/ecommerce-books_data.zip into file artifacts\dataset\raw_data\ecommerce-books_data.zip
[2026-06-04 20:36:42,733] root - INFO - Extracting zip file: artifacts\dataset\raw_data\ecommerce-books_data.zip into dir: artifacts\dataset\ingested_data
[2026-06-04 20:36:42,733] root - INFO - ====================Data Ingestion log completed.==================== 


[2026-06-04 20:36:42,734] root - INFO - ====================Data Validation log started.==================== 
[2026-06-04 20:36:46,347] root - INFO -  Shape of ratings data file: (1149780, 3)
[2026-06-04 20:36:46,347] root - INFO -  Shape of books data file: (271360, 8)
[2026-06-04 20:36:48,838] root - INFO -  Shape of the final clean dataset: (59850, 9)
[2026-06-04 20:36:49,297] root - INFO - Saved cleaned data to artifacts\dataset\clean_data
[2026-06-04 20:36:49,338] root - INFO - Saved final_rating serialization object to artifacts\serialized_objects
[2026-06-04 20:36:49,485] root - INFO - ====================Data Validation log completed.==================== 


[2026-06-04 20:36:49,485] root - INFO - ====================Data Transformation log started.==================== 
[2026-06-04 20:36:49,784] root - INFO -  Shape of book pivot table: (742, 888)
[2026-06-04 20:36:49,804] root - INFO - Saved pivot table data to artifacts\dataset\transformed_data
[2026-06-04 20:36:49,806] root - INFO - Saved book_names serialization object to artifacts\serialized_objects
[2026-06-04 20:36:49,814] root - INFO - Saved book_pivot serialization object to artifacts\serialized_objects
[2026-06-04 20:36:49,817] root - INFO - ====================Data Transformation log completed.==================== 


[2026-06-04 20:36:49,817] root - INFO - ====================Model Trainer log started.==================== 
[2026-06-04 20:36:49,853] root - INFO - Saving final model to artifacts\trained_model\model.pkl
[2026-06-04 20:36:49,854] root - INFO - ====================Model Trainer log completed.==================== 


